/opt/apogee/src/apogee/makefile
/opt/apogee/src/apogee/makefile.osxintel
/opt/apogee/src/apogee/makefile.osxppc
/opt/apogee/src/apogee/makefile~
/opt/apogee/src/apogee/maketdi
/opt/apogee/src/apogee/maketdi~
/opt/apogee/src/apogee/maketest
/opt/apogee/src/apogee/Apn.h
/opt/apogee/src/apogee/ApnCamData.h
/opt/apogee/src/apogee/ApnCamData_ASCENT0402ME.h
/opt/apogee/src/apogee/ApnCamData_ASCENT0402ME2.h
/opt/apogee/src/apogee/ApnCamData_ASCENT0402ME3.h
/opt/apogee/src/apogee/ApnCamData_ASCENT0402ME4.h
/opt/apogee/src/apogee/ApnCamData_ASCENT16000.h
/opt/apogee/src/apogee/ApnCamData_ASCENT2000.h
/opt/apogee/src/apogee/ApnCamData_ASCENT340.h
/opt/apogee/src/apogee/ApnCamData_ASCENT4000.h
/opt/apogee/src/apogee/ApnCamData_CCD3011.h
/opt/apogee/src/apogee/ApnCamData_CCD3011B.h
/opt/apogee/src/apogee/ApnCamData_CCD4240.h
/opt/apogee/src/apogee/ApnCamData_CCD4240B.h
/opt/apogee/src/apogee/ApnCamData_CCD4710.h
/opt/apogee/src/apogee/ApnCamData_CCD4710ALT.h
/opt/apogee/src/apogee/ApnCamData_CCD4710B.h
/opt/apogee/src/apogee/ApnCamData_CCD4720.h
/opt/apogee/src/apogee/ApnCamData_CCD4720B.h
/opt/apogee/src/apogee/ApnCamData_CCD5520.h
/opt/apogee/src/apogee/ApnCamData_CCD5520B.h
/opt/apogee/src/apogee/ApnCamData_CCD5710.h
/opt/apogee/src/apogee/ApnCamData_CCD5710B.h
/opt/apogee/src/apogee/ApnCamData_CCD5710F.h
/opt/apogee/src/apogee/ApnCamData_CCD7700.h
/opt/apogee/src/apogee/ApnCamData_CCD7700B.h
/opt/apogee/src/apogee/ApnCamData_KAF0261E.h
/opt/apogee/src/apogee/ApnCamData_KAF0261EB.h
/opt/apogee/src/apogee/ApnCamData_KAF0401E.h
/opt/apogee/src/apogee/ApnCamData_KAF0401EB.h
/opt/apogee/src/apogee/ApnCamData_KAF09000.h
/opt/apogee/src/apogee/ApnCamData_KAF09000H.h
/opt/apogee/src/apogee/ApnCamData_KAF09000X.h
/opt/apogee/src/apogee/ApnCamData_KAF10011105.h
/opt/apogee/src/apogee/ApnCamData_KAF1001E.h
/opt/apogee/src/apogee/ApnCamData_KAF1001EB.h
/opt/apogee/src/apogee/ApnCamData_KAF1001ENS.h
/opt/apogee/src/apogee/ApnCamData_KAF1301E.h
/opt/apogee/src/apogee/ApnCamData_KAF1301EB.h
/opt/apogee/src/apogee/ApnCamData_KAF1401E.h
/opt/apogee/src/apogee/ApnCamData_KAF1602E.h
/opt/apogee/src/apogee/ApnCamData_KAF1602EB.h
/opt/apogee/src/apogee/ApnCamData_KAF16801E.h
/opt/apogee/src/apogee/ApnCamData_KAF16803.h
/opt/apogee/src/apogee/ApnCamData_KAF3200E.h
/opt/apogee/src/apogee/ApnCamData_KAF3200EB.h
/opt/apogee/src/apogee/ApnCamData_KAF4202.h
/opt/apogee/src/apogee/ApnCamData_KAF6303E.h
/opt/apogee/src/apogee/ApnCamData_KAF6303EB.h
/opt/apogee/src/apogee/ApnCamData_KAI11000C.h
/opt/apogee/src/apogee/ApnCamData_KAI11000CL.h
/opt/apogee/src/apogee/ApnCamData_KAI11000M.h
/opt/apogee/src/apogee/ApnCamData_KAI11000ML.h
/opt/apogee/src/apogee/ApnCamData_KAI2001CL.h
/opt/apogee/src/apogee/ApnCamData_KAI2001M.h
/opt/apogee/src/apogee/ApnCamData_KAI2001ML.h
/opt/apogee/src/apogee/ApnCamData_KAI2020C.h
/opt/apogee/src/apogee/ApnCamData_KAI2020CL.h
/opt/apogee/src/apogee/ApnCamData_KAI2020CLB.h
/opt/apogee/src/apogee/ApnCamData_KAI2020M.h
/opt/apogee/src/apogee/ApnCamData_KAI2020ML.h
/opt/apogee/src/apogee/ApnCamData_KAI2020MLB.h
/opt/apogee/src/apogee/ApnCamData_KAI4020C.h
/opt/apogee/src/apogee/ApnCamData_KAI4020CL.h
/opt/apogee/src/apogee/ApnCamData_KAI4020CLB.h
/opt/apogee/src/apogee/ApnCamData_KAI4020M.h
/opt/apogee/src/apogee/ApnCamData_KAI4020ML.h
/opt/apogee/src/apogee/ApnCamData_KAI4020MLB.h
/opt/apogee/src/apogee/ApnCamData_S101401107.h
/opt/apogee/src/apogee/ApnCamData_S101401109.h
/opt/apogee/src/apogee/ApnCamData_TH7899.h
/opt/apogee/src/apogee/ApnCamTable.h
/opt/apogee/src/apogee/ApnCamera.h
/opt/apogee/src/apogee/ApnCamera_NET.h
/opt/apogee/src/apogee/ApnCamera_USB.h
/opt/apogee/src/apogee/ApnFilterWheel.h
/opt/apogee/src/apogee/ApnSerial.h
/opt/apogee/src/apogee/ApnSerial_NET.h
/opt/apogee/src/apogee/ApnSerial_USB.h
/opt/apogee/src/apogee/ApnUsbSys.h
/opt/apogee/src/apogee/Apogee.h
/opt/apogee/src/apogee/CameraIO_Linux.h
/opt/apogee/src/apogee/CameraIO_PCI.h
/opt/apogee/src/apogee/apogee-test.h
/opt/apogee/src/apogee/dbt.h
/opt/apogee/src/apogee/stdafx.h
/opt/apogee/src/apogee/apogeeISA_wrap.c
/opt/apogee/src/apogee/apogeeNET_wrap.c
/opt/apogee/src/apogee/apogeePCI_wrap.c
/opt/apogee/src/apogee/apogeePPI_wrap.c
/opt/apogee/src/apogee/apogeeUSB_wrap.c
/opt/apogee/src/apogee/filterUSB_wrap.c
/opt/apogee/src/apogee/serialNET_wrap.c
/opt/apogee/src/apogee/serialUSB_wrap.c
/opt/apogee/src/apogee/ApnCamera.i
/opt/apogee/src/apogee/ApnFilterWheel.i
/opt/apogee/src/apogee/ApnSerial.i
/opt/apogee/src/apogee/apogeeISA.i
/opt/apogee/src/apogee/apogeeLinux.i
/opt/apogee/src/apogee/apogeeNET.i
/opt/apogee/src/apogee/apogeePCI.i
/opt/apogee/src/apogee/apogeePPI.i
/opt/apogee/src/apogee/apogeeUSB.i
/opt/apogee/src/apogee/filterUSB.i
/opt/apogee/src/apogee/serialNET.i
/opt/apogee/src/apogee/serialUSB.i
/opt/apogee/src/apogee/ApnCamData.cpp
/opt/apogee/src/apogee/ApnCamData_ASCENT0402ME.cpp
/opt/apogee/src/apogee/ApnCamData_ASCENT0402ME2.cpp
/opt/apogee/src/apogee/ApnCamData_ASCENT0402ME3.cpp
/opt/apogee/src/apogee/ApnCamData_ASCENT0402ME4.cpp
/opt/apogee/src/apogee/ApnCamData_ASCENT16000.cpp
/opt/apogee/src/apogee/ApnCamData_ASCENT2000.cpp
/opt/apogee/src/apogee/ApnCamData_ASCENT340.cpp
/opt/apogee/src/apogee/ApnCamData_ASCENT4000.cpp
/opt/apogee/src/apogee/ApnCamData_CCD3011.cpp
/opt/apogee/src/apogee/ApnCamData_CCD3011B.cpp
/opt/apogee/src/apogee/ApnCamData_CCD4240.cpp
/opt/apogee/src/apogee/ApnCamData_CCD4240B.cpp
/opt/apogee/src/apogee/ApnCamData_CCD4710.cpp
/opt/apogee/src/apogee/ApnCamData_CCD4710ALT.cpp
/opt/apogee/src/apogee/ApnCamData_CCD4710B.cpp
/opt/apogee/src/apogee/ApnCamData_CCD4720.cpp
/opt/apogee/src/apogee/ApnCamData_CCD4720B.cpp
/opt/apogee/src/apogee/ApnCamData_CCD5520.cpp
/opt/apogee/src/apogee/ApnCamData_CCD5520B.cpp
/opt/apogee/src/apogee/ApnCamData_CCD5710.cpp
/opt/apogee/src/apogee/ApnCamData_CCD5710B.cpp
/opt/apogee/src/apogee/ApnCamData_CCD5710F.cpp
/opt/apogee/src/apogee/ApnCamData_CCD7700.cpp
/opt/apogee/src/apogee/ApnCamData_CCD7700B.cpp
/opt/apogee/src/apogee/ApnCamData_KAF0261E.cpp
/opt/apogee/src/apogee/ApnCamData_KAF0261EB.cpp
/opt/apogee/src/apogee/ApnCamData_KAF0401E.cpp
/opt/apogee/src/apogee/ApnCamData_KAF0401EB.cpp
/opt/apogee/src/apogee/ApnCamData_KAF09000.cpp
/opt/apogee/src/apogee/ApnCamData_KAF09000H.cpp
/opt/apogee/src/apogee/ApnCamData_KAF09000X.cpp
/opt/apogee/src/apogee/ApnCamData_KAF10011105.cpp
/opt/apogee/src/apogee/ApnCamData_KAF1001E.cpp
/opt/apogee/src/apogee/ApnCamData_KAF1001EB.cpp
/opt/apogee/src/apogee/ApnCamData_KAF1001ENS.cpp
/opt/apogee/src/apogee/ApnCamData_KAF1301E.cpp
/opt/apogee/src/apogee/ApnCamData_KAF1301EB.cpp
/opt/apogee/src/apogee/ApnCamData_KAF1401E.cpp
/opt/apogee/src/apogee/ApnCamData_KAF1602E.cpp
/opt/apogee/src/apogee/ApnCamData_KAF1602EB.cpp
/opt/apogee/src/apogee/ApnCamData_KAF16801E.cpp
/opt/apogee/src/apogee/ApnCamData_KAF16803.cpp
/opt/apogee/src/apogee/ApnCamData_KAF3200E.cpp
/opt/apogee/src/apogee/ApnCamData_KAF3200EB.cpp
/opt/apogee/src/apogee/ApnCamData_KAF4202.cpp
/opt/apogee/src/apogee/ApnCamData_KAF6303E.cpp
/opt/apogee/src/apogee/ApnCamData_KAF6303EB.cpp
/opt/apogee/src/apogee/ApnCamData_KAI11000C.cpp
/opt/apogee/src/apogee/ApnCamData_KAI11000CL.cpp
/opt/apogee/src/apogee/ApnCamData_KAI11000M.cpp
/opt/apogee/src/apogee/ApnCamData_KAI11000ML.cpp
/opt/apogee/src/apogee/ApnCamData_KAI2001CL.cpp
/opt/apogee/src/apogee/ApnCamData_KAI2001M.cpp
/opt/apogee/src/apogee/ApnCamData_KAI2001ML.cpp
/opt/apogee/src/apogee/ApnCamData_KAI2020C.cpp
/opt/apogee/src/apogee/ApnCamData_KAI2020CL.cpp
/opt/apogee/src/apogee/ApnCamData_KAI2020CLB.cpp
/opt/apogee/src/apogee/ApnCamData_KAI2020M.cpp
/opt/apogee/src/apogee/ApnCamData_KAI2020ML.cpp
/opt/apogee/src/apogee/ApnCamData_KAI2020MLB.cpp
/opt/apogee/src/apogee/ApnCamData_KAI4020C.cpp
/opt/apogee/src/apogee/ApnCamData_KAI4020CL.cpp
/opt/apogee/src/apogee/ApnCamData_KAI4020CLB.cpp
/opt/apogee/src/apogee/ApnCamData_KAI4020M.cpp
/opt/apogee/src/apogee/ApnCamData_KAI4020ML.cpp
/opt/apogee/src/apogee/ApnCamData_KAI4020MLB.cpp
/opt/apogee/src/apogee/ApnCamData_S101401107.cpp
/opt/apogee/src/apogee/ApnCamData_S101401109.cpp
/opt/apogee/src/apogee/ApnCamData_TH7899.cpp
/opt/apogee/src/apogee/ApnCamTable.cpp
/opt/apogee/src/apogee/ApnCamera.cpp
/opt/apogee/src/apogee/ApnCamera_Linux.cpp
/opt/apogee/src/apogee/ApnCamera_NET.cpp
/opt/apogee/src/apogee/ApnCamera_USB.cpp
/opt/apogee/src/apogee/ApnFilterWheel.cpp
/opt/apogee/src/apogee/ApnSerial.cpp
/opt/apogee/src/apogee/ApnSerial_NET.cpp
/opt/apogee/src/apogee/ApnSerial_USB.cpp
/opt/apogee/src/apogee/BulkTDI.cpp
/opt/apogee/src/apogee/CameraIO_Linux.cpp
/opt/apogee/src/apogee/CameraIO_LinuxISA.cpp
/opt/apogee/src/apogee/CameraIO_LinuxPCI.cpp
/opt/apogee/src/apogee/CameraIO_LinuxPPI.cpp
/opt/apogee/src/apogee/CameraIO_PCI.cpp
/opt/apogee/src/apogee/Camera_Example.cpp
/opt/apogee/src/apogee/testTDI.cpp
/opt/apogee/src/apogee/testTDIu.cpp
/opt/apogee/src/apogee/test_alta.cpp
/opt/apogee/src/apogee/test_apogee.cpp
/opt/apogee/src/apogee/testnet.cpp
/opt/apogee/src/apogee/ApogeeNet/ApogeeNet.h
/opt/apogee/src/apogee/ApogeeNet/ApogeeNetErr.h
/opt/apogee/src/apogee/ApogeeNet/ApnDiscover.cpp
/opt/apogee/src/apogee/ApogeeNet/ApogeeNet.cpp
/opt/apogee/src/apogee/ApogeeUsb/ApogeeUsb.h
/opt/apogee/src/apogee/ApogeeUsb/ApogeeUsbErr.h
/opt/apogee/src/apogee/ApogeeUsb/usb.h
/opt/apogee/src/apogee/ApogeeUsb/ApogeeUsbLinux.cpp
/opt/apogee/src/apogee/ApogeeUsb/ApogeeUsbLinuxForKernel.cpp
/opt/apogee/src/apogee/ApogeeUsb/reb1100.cpp
/opt/apogee/src/apogee/ApogeeNet/ApogeeNet.h
/opt/apogee/src/apogee/ApogeeNet/ApogeeNetErr.h
/opt/apogee/src/apogee/FpgaRegs/FpgaRegs.h
